C:/TouchGFXProjects/frog_tank/Core/Src/stm32f7xx_hal_msp.c:64:6:HAL_MspInit	8	static
C:/TouchGFXProjects/frog_tank/Core/Src/stm32f7xx_hal_msp.c:89:6:HAL_CRC_MspInit	8	static
C:/TouchGFXProjects/frog_tank/Core/Src/stm32f7xx_hal_msp.c:111:6:HAL_CRC_MspDeInit	0	static
C:/TouchGFXProjects/frog_tank/Core/Src/stm32f7xx_hal_msp.c:133:6:HAL_DMA2D_MspInit	16	static
C:/TouchGFXProjects/frog_tank/Core/Src/stm32f7xx_hal_msp.c:158:6:HAL_DMA2D_MspDeInit	0	static
C:/TouchGFXProjects/frog_tank/Core/Src/stm32f7xx_hal_msp.c:183:6:HAL_I2C_MspInit	176	static
C:/TouchGFXProjects/frog_tank/Core/Src/stm32f7xx_hal_msp.c:262:6:HAL_I2C_MspDeInit	8	static
C:/TouchGFXProjects/frog_tank/Core/Src/stm32f7xx_hal_msp.c:313:6:HAL_LTDC_MspInit	192	static
C:/TouchGFXProjects/frog_tank/Core/Src/stm32f7xx_hal_msp.c:430:6:HAL_LTDC_MspDeInit	8	static
C:/TouchGFXProjects/frog_tank/Core/Src/stm32f7xx_hal_msp.c:499:6:HAL_QSPI_MspInit	64	static
C:/TouchGFXProjects/frog_tank/Core/Src/stm32f7xx_hal_msp.c:562:6:HAL_QSPI_MspDeInit	8	static
C:/TouchGFXProjects/frog_tank/Core/Src/stm32f7xx_hal_msp.c:701:6:HAL_SDRAM_MspInit	48	static
C:/TouchGFXProjects/frog_tank/Core/Src/stm32f7xx_hal_msp.c:787:6:HAL_SDRAM_MspDeInit	8	static
