../../TouchGFX/gui/include/gui/model/ModelListener.hpp:22:18:virtual void ModelListener::updateClock()	0	static
../../TouchGFX/gui/include/gui/model/ModelListener.hpp:28:18:virtual void ModelListener::updateIcons()	0	static
../../TouchGFX/gui/include/gui/model/ModelListener.hpp:34:18:virtual void ModelListener::updateReadings()	0	static
../../TouchGFX/gui/include/gui/model/ModelListener.hpp:40:18:virtual void ModelListener::updateLiveGraph()	0	static
../../TouchGFX/gui/include/gui/model/ModelListener.hpp:46:18:virtual void ModelListener::updateFlags()	0	static
../../TouchGFX/gui/include/gui/alerts_screen_screen/alerts_screenPresenter.hpp:28:13:alerts_screenPresenter::~alerts_screenPresenter()	0	static
C:/TouchGFXProjects/frog_tank/TouchGFX/gui/src/alerts_screen_screen/alerts_screenPresenter.cpp:10:6:virtual void alerts_screenPresenter::activate()	0	static
../../TouchGFX/gui/include/gui/alerts_screen_screen/alerts_screenPresenter.hpp:28:13:virtual alerts_screenPresenter::~alerts_screenPresenter()	8	static
../../TouchGFX/gui/include/gui/alerts_screen_screen/alerts_screenPresenter.hpp:28:13:virtual void* alerts_screenPresenter::_ZThn4_N22alerts_screenPresenterD1Ev()	0	static
C:/TouchGFXProjects/frog_tank/TouchGFX/gui/src/alerts_screen_screen/alerts_screenPresenter.cpp:4:1:alerts_screenPresenter::alerts_screenPresenter(alerts_screenView&)	0	static
