../../Middlewares/ST/touchgfx/framework/include/touchgfx/Screen.hpp:104:18:virtual void touchgfx::Screen::afterTransition()	0	static
../../Middlewares/ST/touchgfx/framework/include/touchgfx/Screen.hpp:144:18:virtual void touchgfx::Screen::handleTickEvent()	0	static
../../Middlewares/ST/touchgfx/framework/include/touchgfx/Screen.hpp:154:18:virtual void touchgfx::Screen::handleKeyEvent(uint8_t)	0	static
C:/TouchGFXProjects/frog_tank/TouchGFX/gui/src/clock_screen_screen/clock_screenView.cpp:18:6:virtual void clock_screenView::tearDownScreen()	0	static
C:/TouchGFXProjects/frog_tank/TouchGFX/gui/src/clock_screen_screen/clock_screenView.cpp:61:6:virtual void clock_screenView::updateTime()	0	static
../../TouchGFX/gui/include/gui/clock_screen_screen/clock_screenView.hpp:11:13:clock_screenView::~clock_screenView()	8	static
../../TouchGFX/gui/include/gui/clock_screen_screen/clock_screenView.hpp:11:13:virtual clock_screenView::~clock_screenView()	8	static
../../Middlewares/ST/touchgfx/framework/include/touchgfx/Drawable.hpp:121:18:virtual void touchgfx::Drawable::invalidateContent() const	0	static
C:/TouchGFXProjects/frog_tank/TouchGFX/gui/src/clock_screen_screen/clock_screenView.cpp:3:1:clock_screenView::clock_screenView()	8	static
C:/TouchGFXProjects/frog_tank/TouchGFX/gui/src/clock_screen_screen/clock_screenView.cpp:66:6:void clock_screenView::setHourLabel(int)	8	static
C:/TouchGFXProjects/frog_tank/TouchGFX/gui/src/clock_screen_screen/clock_screenView.cpp:51:6:virtual void clock_screenView::hourChange(int)	0	static
C:/TouchGFXProjects/frog_tank/TouchGFX/gui/src/clock_screen_screen/clock_screenView.cpp:71:6:void clock_screenView::setMinLabel(int)	8	static
C:/TouchGFXProjects/frog_tank/TouchGFX/gui/src/clock_screen_screen/clock_screenView.cpp:56:6:virtual void clock_screenView::minChange(int)	0	static
C:/TouchGFXProjects/frog_tank/TouchGFX/gui/src/clock_screen_screen/clock_screenView.cpp:8:6:virtual void clock_screenView::setupScreen()	8	static
C:/TouchGFXProjects/frog_tank/TouchGFX/gui/src/clock_screen_screen/clock_screenView.cpp:23:6:virtual void clock_screenView::lowHour()	0	static
C:/TouchGFXProjects/frog_tank/TouchGFX/gui/src/clock_screen_screen/clock_screenView.cpp:30:6:virtual void clock_screenView::incHour()	0	static
C:/TouchGFXProjects/frog_tank/TouchGFX/gui/src/clock_screen_screen/clock_screenView.cpp:37:6:virtual void clock_screenView::lowMin()	0	static
C:/TouchGFXProjects/frog_tank/TouchGFX/gui/src/clock_screen_screen/clock_screenView.cpp:44:6:virtual void clock_screenView::incMin()	0	static
