../../TouchGFX/gui/include/gui/model/ModelListener.hpp:22:18:virtual void ModelListener::updateClock()	0	static
../../TouchGFX/gui/include/gui/model/ModelListener.hpp:28:18:virtual void ModelListener::updateIcons()	0	static
../../TouchGFX/gui/include/gui/model/ModelListener.hpp:34:18:virtual void ModelListener::updateReadings()	0	static
../../TouchGFX/gui/include/gui/graphs_screen_screen/graphs_screenPresenter.hpp:28:13:graphs_screenPresenter::~graphs_screenPresenter()	0	static
C:/TouchGFXProjects/frog_tank/TouchGFX/gui/src/graphs_screen_screen/graphs_screenPresenter.cpp:10:6:virtual void graphs_screenPresenter::activate()	0	static
C:/TouchGFXProjects/frog_tank/TouchGFX/gui/src/graphs_screen_screen/graphs_screenPresenter.cpp:20:6:virtual void graphs_screenPresenter::updateLiveGraph()	0	static
../../TouchGFX/gui/include/gui/graphs_screen_screen/graphs_screenPresenter.hpp:28:13:virtual graphs_screenPresenter::~graphs_screenPresenter()	8	static
../../TouchGFX/gui/include/gui/graphs_screen_screen/graphs_screenPresenter.hpp:28:13:virtual void* graphs_screenPresenter::_ZThn4_N22graphs_screenPresenterD1Ev()	0	static
C:/TouchGFXProjects/frog_tank/TouchGFX/gui/src/graphs_screen_screen/graphs_screenPresenter.cpp:4:1:graphs_screenPresenter::graphs_screenPresenter(graphs_screenView&)	0	static
