C:/TouchGFXProjects/frog_tank/TouchGFX/gui/src/model/Model.cpp:300:6:virtual void Model::initI2C()	16	static
C:/TouchGFXProjects/frog_tank/TouchGFX/gui/src/model/Model.cpp:327:6:virtual void Model::sensorSelect(bool)	24	static
C:/TouchGFXProjects/frog_tank/TouchGFX/gui/src/model/Model.cpp:342:6:virtual void Model::sensorPrime(bool)	24	static
C:/TouchGFXProjects/frog_tank/TouchGFX/gui/src/model/Model.cpp:351:6:virtual void Model::sensorRead(bool)	32	static
C:/TouchGFXProjects/frog_tank/TouchGFX/gui/src/model/Model.cpp:390:6:virtual void Model::initGPIOs()	48	static
C:/TouchGFXProjects/frog_tank/TouchGFX/gui/src/model/Model.cpp:415:6:virtual void Model::mistGPIO()	0	static
C:/TouchGFXProjects/frog_tank/TouchGFX/gui/src/model/Model.cpp:425:6:virtual void Model::heatGPIO()	0	static
C:/TouchGFXProjects/frog_tank/TouchGFX/gui/src/model/Model.cpp:9:1:Model::Model()	8	static
C:/TouchGFXProjects/frog_tank/TouchGFX/gui/src/model/Model.cpp:51:6:void Model::tick()	32	static
C:/TouchGFXProjects/frog_tank/TouchGFX/gui/src/model/Model.cpp:432:6:int* Model::getGraphData(bool, bool, int)	0	static
C:/TouchGFXProjects/frog_tank/TouchGFX/gui/src/model/Model.cpp:467:5:int Model::getGraphNumData(int)	0	static
