C:/TouchGFXProjects/frog_tank/TouchGFX/gui/src/model/Model.cpp:298:6:virtual void Model::sensorLogic(int)	0	static
C:/TouchGFXProjects/frog_tank/TouchGFX/gui/src/model/Model.cpp:321:6:virtual void Model::initI2C()	16	static
C:/TouchGFXProjects/frog_tank/TouchGFX/gui/src/model/Model.cpp:348:6:virtual void Model::sensorSelect(bool)	24	static
C:/TouchGFXProjects/frog_tank/TouchGFX/gui/src/model/Model.cpp:364:6:virtual void Model::sensorPrime()	24	static
C:/TouchGFXProjects/frog_tank/TouchGFX/gui/src/model/Model.cpp:376:6:virtual void Model::sensorRead(bool)	32	static
C:/TouchGFXProjects/frog_tank/TouchGFX/gui/src/model/Model.cpp:406:6:virtual void Model::initGPIOs()	48	static
C:/TouchGFXProjects/frog_tank/TouchGFX/gui/src/model/Model.cpp:431:6:virtual void Model::mistGPIO()	0	static
C:/TouchGFXProjects/frog_tank/TouchGFX/gui/src/model/Model.cpp:441:6:virtual void Model::heatGPIO()	0	static
C:/TouchGFXProjects/frog_tank/TouchGFX/gui/src/model/Model.cpp:9:1:Model::Model()	8	static
C:/TouchGFXProjects/frog_tank/TouchGFX/gui/src/model/Model.cpp:47:6:void Model::tick()	32	static
C:/TouchGFXProjects/frog_tank/TouchGFX/gui/src/model/Model.cpp:448:6:int* Model::getGraphData(bool, bool, int)	8	static
C:/TouchGFXProjects/frog_tank/TouchGFX/gui/src/model/Model.cpp:493:5:int Model::getGraphNumData(int)	0	static
