../../Middlewares/ST/touchgfx/framework/include/touchgfx/Screen.hpp:104:18:virtual void touchgfx::Screen::afterTransition()	0	static
../../Middlewares/ST/touchgfx/framework/include/touchgfx/Screen.hpp:144:18:virtual void touchgfx::Screen::handleTickEvent()	0	static
../../Middlewares/ST/touchgfx/framework/include/touchgfx/Screen.hpp:154:18:virtual void touchgfx::Screen::handleKeyEvent(uint8_t)	0	static
../../TouchGFX/generated/gui_generated/include/gui_generated/settings_screen_screen/settings_screenViewBase.hpp:32:18:virtual void settings_screenViewBase::action1()	0	static
C:/TouchGFXProjects/frog_tank/TouchGFX/gui/src/settings_screen_screen/settings_screenView.cpp:31:6:virtual void settings_screenView::tearDownScreen()	0	static
../../TouchGFX/gui/include/gui/settings_screen_screen/settings_screenView.hpp:11:13:settings_screenView::~settings_screenView()	8	static
../../TouchGFX/gui/include/gui/settings_screen_screen/settings_screenView.hpp:11:13:virtual settings_screenView::~settings_screenView()	8	static
../../Middlewares/ST/touchgfx/framework/include/touchgfx/Bitmap.hpp:142:14:touchgfx::BitmapId touchgfx::Bitmap::getId() const	8	static
C:/TouchGFXProjects/frog_tank/TouchGFX/gui/src/settings_screen_screen/settings_screenView.cpp:50:6:virtual void settings_screenView::toggleHeating()	16	static
C:/TouchGFXProjects/frog_tank/TouchGFX/gui/src/settings_screen_screen/settings_screenView.cpp:55:6:virtual void settings_screenView::toggleMisting()	16	static
../../Middlewares/ST/touchgfx/framework/include/touchgfx/Drawable.hpp:121:18:virtual void touchgfx::Drawable::invalidateContent() const	0	static
C:/TouchGFXProjects/frog_tank/TouchGFX/gui/src/settings_screen_screen/settings_screenView.cpp:9:1:settings_screenView::settings_screenView()	8	static
C:/TouchGFXProjects/frog_tank/TouchGFX/gui/src/settings_screen_screen/settings_screenView.cpp:100:6:void settings_screenView::setTempLabel(int)	8	static
C:/TouchGFXProjects/frog_tank/TouchGFX/gui/src/settings_screen_screen/settings_screenView.cpp:88:6:virtual void settings_screenView::tempChange(int)	0	static
C:/TouchGFXProjects/frog_tank/TouchGFX/gui/src/settings_screen_screen/settings_screenView.cpp:105:6:void settings_screenView::setHumLabel(int)	8	static
C:/TouchGFXProjects/frog_tank/TouchGFX/gui/src/settings_screen_screen/settings_screenView.cpp:94:6:virtual void settings_screenView::humChange(int)	0	static
C:/TouchGFXProjects/frog_tank/TouchGFX/gui/src/settings_screen_screen/settings_screenView.cpp:14:6:virtual void settings_screenView::setupScreen()	24	static
C:/TouchGFXProjects/frog_tank/TouchGFX/gui/src/settings_screen_screen/settings_screenView.cpp:60:6:virtual void settings_screenView::lowTemp()	0	static
C:/TouchGFXProjects/frog_tank/TouchGFX/gui/src/settings_screen_screen/settings_screenView.cpp:67:6:virtual void settings_screenView::incTemp()	0	static
C:/TouchGFXProjects/frog_tank/TouchGFX/gui/src/settings_screen_screen/settings_screenView.cpp:74:6:virtual void settings_screenView::lowHum()	0	static
C:/TouchGFXProjects/frog_tank/TouchGFX/gui/src/settings_screen_screen/settings_screenView.cpp:81:6:virtual void settings_screenView::incHum()	0	static
